
> @aether/core@1.0.0 build
> tsc

src/bin/verify-upgrades.ts(4,31): error TS6059: File 'D:/Solana charts/packages/aether-agentic/src/index.ts' is not under 'rootDir' 'D:/Solana charts/packages/aether-core/src'. 'rootDir' is expected to contain all source files.
src/bin/verify-upgrades.ts(5,31): error TS6059: File 'D:/Solana charts/packages/aether-lending/src/index.ts' is not under 'rootDir' 'D:/Solana charts/packages/aether-core/src'. 'rootDir' is expected to contain all source files.
src/db/client.ts(6,32): error TS6059: File 'D:/Solana charts/packages/shared/index.ts' is not under 'rootDir' 'D:/Solana charts/packages/aether-core/src'. 'rootDir' is expected to contain all source files.
  The file is in the program because:
    Imported via 'aether-shared' from file 'D:/Solana charts/packages/aether-core/src/db/client.ts'
    Imported via 'aether-shared' from file 'D:/Solana charts/packages/aether-core/src/api/receiver.ts'
    Imported via "aether-shared" from file 'D:/Solana charts/packages/aether-core/src/modules/shard_lock.ts'
    Imported via 'aether-shared' from file 'D:/Solana charts/packages/aether-core/src/modules/universal.ts'
    Imported via 'aether-shared' from file 'D:/Solana charts/packages/aether-agentic/src/index.ts'
    Imported via 'aether-shared' from file 'D:/Solana charts/packages/aether-lending/src/index.ts'
node.exe : npm error Lifecycle script `build` failed with error:
At line:1 char:1
+ & "C:\Program Files\nodejs/node.exe" "C:\Program Files\nodejs/node_mo ...
+ ~~~~~~~~~~~~~~~~~~~~~~~~~~~~~~~~~~~~~~~~~~~~~~~~~~~~~~~~~~~~~~~~~~~~~
    + CategoryInfo          : NotSpecified: (npm error Lifec...led with error::String) [], RemoteException
    + FullyQualifiedErrorId : NativeCommandError
 
npm error code 2
npm error path D:\Solana charts\packages\aether-core
npm error workspace @aether/core@1.0.0
npm error location D:\Solana charts\packages\aether-core
npm error command failed
npm error command C:\WINDOWS\system32\cmd.exe /d /s /c tsc
